// Jest Snapshot v1, https://goo.gl/fbAQLP

exports[`should render DashboardPage correctly 1`] = `
<div>
  <Connect(MoviesSummary) />
  <Connect(MoviesListFilters) />
  <Connect(MovieList) />
</div>
`;
